// Jest Snapshot v1, https://goo.gl/fbAQLP

exports[`Pruebas AddCategory debe mostrar el componente corectamente 1`] = `
<form
  onSubmit={[Function]}
>
  <input
    onChange={[Function]}
    type="text"
    value=""
  />
</form>
`;
