// Jest Snapshot v1, https://goo.gl/fbAQLP

exports[`Prueba GifGridItem debe mostrar el componente corectamente 1`] = `
<div
  className="card animate__animated animate__fadeIn"
>
  <img
    alt="Un título"
    src="http://localhost/Una-url.com"
  />
  <p>
    Un título
  </p>
</div>
`;
